[fsocy.com/index.html]
[backblue.gif]
[fade.gif]
[index.html]
[static.websiteonline.cn/website/template/default/css/default4fb8.css]
[static.websiteonline.cn/website/plugin/title/css/title13eb.css]
[static.websiteonline.cn/website/plugin/unslider/css/unsliderceec.css]
[static.websiteonline.cn/website/plugin/effectimage/css/effectimage107b.css]
[fsocy.com/9d0c769fe72ddcbef19cecf68bcde4d4.css]
[static.websiteonline.cn/website/template/default/images/blank.gif]
[hk8db36e.pic30.websiteonline.cn/upload/logo2.png]
[static.websiteonline.cn/website/script/indexb8f9.html]
[static.websiteonline.cn/website/plugin/multilingual/styles/custom4/images/sitestar-lan-ver-chines1.jpg]
[static.websiteonline.cn/website/plugin/index068e.html]
[static.websiteonline.cn/website/plugin/multilingual/styles/custom4/images/sitestar-lan-ver-english1.jpg]
[hk8db36e.pic30.websiteonline.cn/upload/templatefiles/teob.png]
[static.websiteonline.cn/website/plugin/new_navigation/styles/hs10/m_19_VyyP.jpg]
[fsocy.com/page85.html]
[fsocy.com/page88.html]
[fsocy.com/page889512.html]
[fsocy.com/page8813d6.html]
[fsocy.com/page889b82.html]
[fsocy.com/page88380d.html]
[fsocy.com/page8844b1.html]
[fsocy.com/page888f6d.html]
[fsocy.com/page90.html]
[fsocy.com/page91.html]
[hk8db36e.pic30.websiteonline.cn/upload/templatefiles/tou_04_8enr.png]
[hk8db36e.pic30.websiteonline.cn/upload/gundong003_hbhk.jpg]
[hk8db36e.pic30.websiteonline.cn/upload/gundong002_pcef.jpg]
[hk8db36e.pic30.websiteonline.cn/upload/pe-a.jpg]
[hk8db36e.pic30.websiteonline.cn/upload/gundong004_2wk3.jpg]
[hk8db36e.pic30.websiteonline.cn/upload/ss1d.jpg]
[static.websiteonline.cn/website/plugin/media/images/hotspot_ico_show_right.png]
[fsocy.com/page72.html]
[static.websiteonline.cn/website/plugin/media/images/hotspot_ico_show_left.png]
[fsocy.com/index.html]
[static.websiteonline.cn/website/template/default/images/wp-link-input-bg.gif]
[static.websiteonline.cn/website/template/default/images/wp-diy-selected-button.gif]
[static.websiteonline.cn/website/template/default/images/wp-diy-selected-button2.gif]
[static.websiteonline.cn/website/template/default/images/copyright_logo.png]
[static.websiteonline.cn/website/template/default/images/copy_close.png]
[static.websiteonline.cn/website/template/default/images/sitestar_copyright_bg.png]
[static.websiteonline.cn/website/template/default/images/wp-new-member-background.png]
[static.websiteonline.cn/website/template/default/images/wp-new-member-login-windows-c.png]
[static.websiteonline.cn/website/template/default/images/wp-new-member-login-text-input.gif]
[static.websiteonline.cn/website/template/default/images/loading.gif]
[static.websiteonline.cn/website/template/default/images/popclose.png]
[static.websiteonline.cn/website/template/default/css/default4fb8.css]
[static.websiteonline.cn/website/plugin/media/css/media188c.css]
[hk8db36e.pic30.websiteonline.cn/upload/banner1.jpg]
[static.websiteonline.cn/website/plugin/title/view/icons/flash.gif]
[static.websiteonline.cn/website/plugin/title/view/icons/rm.gif]
[static.websiteonline.cn/website/plugin/title/css/title13eb.css]
[hk8db36e.pic30.websiteonline.cn/upload/ban2_fa3q.jpg]
[static.websiteonline.cn/website/plugin/title/view/icons/media.gif]
[static.websiteonline.cn/website/plugin/unslider/view/images/navbg.png]
[static.websiteonline.cn/website/plugin/unslider/css/unsliderceec.css]
[static.websiteonline.cn/website/plugin/effectimage/images/sprite-l.png]
[static.websiteonline.cn/website/plugin/effectimage/css/effectimage107b.css]
[static.websiteonline.cn/website/plugin/graphic/css/graphic188c.css]
[static.websiteonline.cn/website/plugin/effectimage/images/sprite-r.png]
[fsocy.com/GET.36.delayed]
[fsocy.com/template/default/images/blank.gif]
[tjs.sjs.sinajs.cn/open/api/js/wb.js]
[fsocy.com/template/default/images/loading.gif]
[fsocy.com/plugin/title/css/title.css]
[fsocy.com/template/default/images/searchico.png]
[fsocy.com/template/default/images/un-lock.png]
[static.websiteonline.cn/website/script/indexb8f9.html]
[fsocy.com/template/default/images/left_arrow.png]
[fsocy.com/template/default/images/right_arrow.png]
[static.websiteonline.cn/website/plugin/index068e.html]
[fsocy.com/9d0c769fe72ddcbef19cecf68bcde4d4.css]
[static.websiteonline.cn/website/plugin/new_navigation/styles/hs10/m_18_PXUh.jpg]
[static.websiteonline.cn/website/plugin/breadcrumb/css/breadcrumb188c.css]
[static.websiteonline.cn/website/plugin/lantern/css/lantern6119.css]
[fsocy.com/15693d2faf131e474cab2fc44dfed79a.css]
[static.websiteonline.cn/website/plugin/index3207.html]
[hk8db36e.pic30.websiteonline.cn/upload/templatefiles/q138.png]
[fsocy.com/page85.html]
[static.websiteonline.cn/website/plugin/lantern/js/lrscroll.js]
[fsocy.com/ea7afd73853210fea893f7daea2fce87.css]
[hk8db36e.pic30.websiteonline.cn/upload/rlqs.png]
[static.websiteonline.cn/website/plugin/index746e.html]
[fsocy.com/page2141f55.html]
[fsocy.com/plugin/unslider/js/html5zoobea6.js]
[fsocy.com/page88f5af.html]
[fsocy.com/page214f40f.html]
[fsocy.com/page214b436.html]
[hk8db36e.pic30.websiteonline.cn/upload/hajv.jpg]
[fsocy.com/page2148cc4.html]
[fsocy.com/page214e5d0.html]
[fsocy.com/page214a3c9.html]
[fsocy.com/page214d384.html]
[fsocy.com/page88fb84.html]
[static.websiteonline.cn/website/plugin/product_category/styles/vertical_vs3/navli.png]
[fsocy.com/page884dc5.html]
[fsocy.com/page889b81.html]
[fsocy.com/page88a81a.html]
[fsocy.com/page881627.html]
[static.websiteonline.cn/website/plugin/product_category/view/windowpopup/darkorange/close.gif]
[static.websiteonline.cn/website/plugin/product_category/view/windowpopup/darkorange/arrow.gif]
[static.websiteonline.cn/website/plugin/product_category/view/windowpopup/darkorange/title.gif]
[static.websiteonline.cn/website/plugin/product_category/view/windowpopup/darkorange/ico_01.gif]
[static.websiteonline.cn/website/plugin/product_category/view/windowpopup/darkorange/ico_02.gif]
[static.websiteonline.cn/website/plugin/product_category/view/windowpopup/darkorange/ico_03.gif]
[static.websiteonline.cn/website/plugin/product_category/view/windowpopup/darkorange/ico_04.gif]
[static.websiteonline.cn/website/plugin/product_category/view/windowpopup/darkorange/ico_05.gif]
[fsocy.com/page88.html]
[static.websiteonline.cn/website/plugin/product_category/view/windowpopup/darkorange/ico_06.gif]
[fsocy.com/page21497eb.html]
[fsocy.com/page214f57b.html]
[fsocy.com/page2148a42.html]
[fsocy.com/page214e56e.html]
[fsocy.com/page214bb23.html]
[fsocy.com/page2141741.html]
[fsocy.com/page2148f35.html]
[fsocy.com/page889512.html]
[fsocy.com/page2146274.html]
[fsocy.com/page214c8ab.html]
[fsocy.com/page2144c62.html]
[fsocy.com/page8813d6.html]
[fsocy.com/page21418ee.html]
[fsocy.com/page214eeb7.html]
[fsocy.com/page214f515.html]
[fsocy.com/page88f9fd.html]
[fsocy.com/page214b1c7.html]
[fsocy.com/page889b82.html]
[fsocy.com/page2144055.html]
[fsocy.com/page2140418.html]
[fsocy.com/page214c6c0.html]
[fsocy.com/page88ac11.html]
[fsocy.com/page2142148.html]
[fsocy.com/page2144ffd.html]
[fsocy.com/page214263c.html]
[fsocy.com/page214005a.html]
[fsocy.com/page2141eba.html]
[fsocy.com/page2140263.html]
[fsocy.com/page214ce92.html]
[fsocy.com/page88380d.html]
[fsocy.com/page214ef46.html]
[fsocy.com/page2147756.html]
[fsocy.com/page2144c37.html]
[fsocy.com/page88b92c.html]
[fsocy.com/page2142ee2.html]
[fsocy.com/page214c61e.html]
[fsocy.com/page214819f.html]
[fsocy.com/page8844b1.html]
[fsocy.com/page888f6d.html]
[fsocy.com/page2146a87.html]
[fsocy.com/612c058e1d86176a289810e893ff09d7.css]
[hk8db36e.pic30.websiteonline.cn/upload/templatefiles/ia3j.png]
[static.websiteonline.cn/website/script/datepicker/WdatePicker.js]
[static.websiteonline.cn/website/template/default/images/calendar.gif]
[fsocy.com/page90.html]
[static.websiteonline.cn/website/plugin/message/js/meselect.js]
[fsocy.com/fafa555ac52775f660ced52a989d1eb1.css]
[hk8db36e.pic30.websiteonline.cn/upload/templatefiles/orid.png]
[fsocy.com/map/baidu9f52.html]
[hk8db36e.pic30.websiteonline.cn/upload/templatefiles/mini5_vqxh.png]
[hk8db36e.pic30.websiteonline.cn/upload/templatefiles/mini2_1jsg.png]
[hk8db36e.pic30.websiteonline.cn/upload/templatefiles/mini3_22wk.png]
[hk8db36e.pic30.websiteonline.cn/upload/templatefiles/mini1_b71q.png]
[fsocy.com/page91.html]
[hk8db36e.pic30.websiteonline.cn/upload/templatefiles/mini4_lkpy.png]
[fsocy.com/page72.html]
[static.websiteonline.cn/website/plugin/unslider/css/script/pie.html]
[static.websiteonline.cn/website/plugin/effectimage/css/images/loader32x32.html]
[fsocy.com/GET.html]
[tjs.sjs.sinajs.cn/open/api/js/wb.js]
[fsocy.com/plugin/title/view/icons/flash.gif]
[fsocy.com/plugin/title/view/icons/rm.gif]
[fsocy.com/plugin/title/css/title.css]
[fsocy.com/plugin/title/view/icons/media.gif]
[static.websiteonline.cn/website/plugin/breadcrumb/css/breadcrumb188c.css]
[static.websiteonline.cn/website/plugin/lantern/css/lantern6119.css]
[static.websiteonline.cn/website/plugin/index3207.html]
[fsocy.com/15693d2faf131e474cab2fc44dfed79a.css]
[static.websiteonline.cn/website/plugin/lantern/js/lrscroll.js]
[static.websiteonline.cn/website/plugin/product_category/view/images/li-arrow.gif]
[static.websiteonline.cn/website/plugin/product_category/css/product_categoryaa0f.css]
[static.websiteonline.cn/website/plugin/index746e.html]
[fsocy.com/ea7afd73853210fea893f7daea2fce87.css]
[static.websiteonline.cn/website/plugin/product_detail/css/product_detailc3cd.css]
[fsocy.com/b27ddf8beafef96af84da5963e727e57.css]
[fsocy.com/page885dfc.html]
[static.websiteonline.cn/website/plugin/product_detail/styles/listStyle/css/css3860.css]
[static.websiteonline.cn/website/plugin/product_detail/styles/listStyle/images/an1L.gif]
[static.websiteonline.cn/website/plugin/product_detail/styles/listStyle/images/an1R.gif]
[static.websiteonline.cn/website/plugin/tb_product_detail/styles/listStyle/images/an1L.gif]
[static.websiteonline.cn/website/plugin/tb_product_detail/styles/listStyle/images/an1R.gif]
[static.websiteonline.cn/website/plugin/blocksit/css/blocksit.css]
[fsocy.com/page2141f55.html]
[static.websiteonline.cn/website/plugin/blocksit/js/jquery.lightbox.js]
[fsocy.com/page88f5af.html]
[fsocy.com/page214f40f.html]
[hk8db36e.pic30.websiteonline.cn/upload/PF-A.jpg]
[fsocy.com/page214b436.html]
[hk8db36e.pic30.websiteonline.cn/upload/1ubc.jpg]
[fsocy.com/page2141a25.html]
[hk8db36e.pic30.websiteonline.cn/upload/t938.jpg]
[fsocy.com/page2148cc4.html]
[hk8db36e.pic30.websiteonline.cn/upload/mw7c.jpg]
[hk8db36e.pic30.websiteonline.cn/upload/c9fs.jpg]
[fsocy.com/page214e5d0.html]
[hk8db36e.pic30.websiteonline.cn/upload/r8ds.jpg]
[hk8db36e.pic30.websiteonline.cn/upload/w2jb.jpg]
[fsocy.com/page214a3c9.html]
[fsocy.com/page2144410.html]
[hk8db36e.pic30.websiteonline.cn/upload/k4ck.jpg]
[hk8db36e.pic30.websiteonline.cn/upload/uk1i.jpg]
[fsocy.com/page214d384.html]
[fsocy.com/page88fb84.html]
[hk8db36e.pic30.websiteonline.cn/upload/n5cj.jpg]
[fsocy.com/page88d58d.html]
[fsocy.com/page214d85d.html]
[hk8db36e.pic30.websiteonline.cn/upload/i1dm.jpg]
[fsocy.com/page214663a.html]
[fsocy.com/page2142667.html]
[fsocy.com/page884dc5.html]
[fsocy.com/page21458af.html]
[fsocy.com/page21458da.html]
[fsocy.com/page2140bb7.html]
[fsocy.com/page21459c0.html]
[fsocy.com/page889b81.html]
[fsocy.com/page214630f.html]
[fsocy.com/page214cb2a.html]
[hk8db36e.pic30.websiteonline.cn/upload/4wqy.jpg]
[fsocy.com/page214db52.html]
[fsocy.com/page21440ef.html]
[fsocy.com/page2146602.html]
[fsocy.com/page2145094.html]
[fsocy.com/page214f25c.html]
[fsocy.com/page2140075.html]
[fsocy.com/page214906b.html]
[fsocy.com/page214725d.html]
[fsocy.com/page88a81a.html]
[fsocy.com/page2144695.html]
[fsocy.com/page214f791.html]
[fsocy.com/page21437f4.html]
[fsocy.com/page21412bf.html]
[fsocy.com/page214ba49.html]
[fsocy.com/page214e8d0.html]
[fsocy.com/page881627.html]
[fsocy.com/page21497eb.html]
[fsocy.com/page214f57b.html]
[fsocy.com/page2148a42.html]
[fsocy.com/page214e56e.html]
[fsocy.com/page214bb23.html]
[fsocy.com/page2141741.html]
[fsocy.com/page2148f35.html]
[fsocy.com/page8868ae.html]
[fsocy.com/page2146274.html]
[fsocy.com/page214c8ab.html]
[hk8db36e.pic30.websiteonline.cn/upload/kon7.jpg]
[hk8db36e.pic30.websiteonline.cn/upload/ycug.jpg]
[fsocy.com/page2144c62.html]
[fsocy.com/page21418ee.html]
[hk8db36e.pic30.websiteonline.cn/upload/zpmp.jpg]
[hk8db36e.pic30.websiteonline.cn/upload/0sv5.jpg]
[fsocy.com/page214eeb7.html]
[fsocy.com/page214f515.html]
[fsocy.com/page88f9fd.html]
[hk8db36e.pic30.websiteonline.cn/upload/l8w3.jpg]
[fsocy.com/page214b1c7.html]
[hk8db36e.pic30.websiteonline.cn/upload/ddto.jpg]
[fsocy.com/page2144055.html]
[hk8db36e.pic30.websiteonline.cn/upload/bobh.jpg]
[hk8db36e.pic30.websiteonline.cn/upload/qk8a.jpg]
[fsocy.com/page2140418.html]
[fsocy.com/page214c6c0.html]
[fsocy.com/page88ac11.html]
[hk8db36e.pic30.websiteonline.cn/upload/gvnl.jpg]
[hk8db36e.pic30.websiteonline.cn/upload/l2kc.jpg]
[fsocy.com/page2142148.html]
[fsocy.com/page2144ffd.html]
[hk8db36e.pic30.websiteonline.cn/upload/z3y8.jpg]
[hk8db36e.pic30.websiteonline.cn/upload/n96m.jpg]
[fsocy.com/page214263c.html]
[fsocy.com/page214005a.html]
[hk8db36e.pic30.websiteonline.cn/upload/6uz8.jpg]
[hk8db36e.pic30.websiteonline.cn/upload/o55y.jpg]
[hk8db36e.pic30.websiteonline.cn/upload/1hju.jpg]
[fsocy.com/page2141eba.html]
[fsocy.com/page2140263.html]
[fsocy.com/page214ce92.html]
[hk8db36e.pic30.websiteonline.cn/upload/b1c7.jpg]
[fsocy.com/page214ef46.html]
[hk8db36e.pic30.websiteonline.cn/upload/66ha.jpg]
[hk8db36e.pic30.websiteonline.cn/upload/i8e2.jpg]
[fsocy.com/page2147756.html]
[fsocy.com/page2144c37.html]
[fsocy.com/page88b92c.html]
[hk8db36e.pic30.websiteonline.cn/upload/zv29.jpg]
[hk8db36e.pic30.websiteonline.cn/upload/rrh1.jpg]
[fsocy.com/page2142ee2.html]
[fsocy.com/page214c61e.html]
[hk8db36e.pic30.websiteonline.cn/upload/r4gt.jpg]
[hk8db36e.pic30.websiteonline.cn/upload/4685.jpg]
[hk8db36e.pic30.websiteonline.cn/upload/olsv.jpg]
[fsocy.com/page214819f.html]
[fsocy.com/page2146a87.html]
[fsocy.com/612c058e1d86176a289810e893ff09d7.css]
[hk8db36e.pic30.websiteonline.cn/upload/bdyt.jpg]
[static.websiteonline.cn/website/script/datepicker/WdatePicker.js]
[static.websiteonline.cn/website/plugin/message/js/meselect.js]
[fsocy.com/fafa555ac52775f660ced52a989d1eb1.css]
[fsocy.com/lang/index.html]
[api.map.baidu.com/library/SearchInfoWindow/1.5/src/SearchInfoWindow_min.css]
[fsocy.com/map/baidu9f52.html]
[static.websiteonline.cn/website/script/api/js/wb.html]
[static.websiteonline.cn/website/plugin/breadcrumb/css/images/loader32x32.html]
[static.websiteonline.cn/website/plugin/breadcrumb/images/sprite.html]
[static.websiteonline.cn/website/plugin/product_detail/css/product_detailc3cd.css]
[fsocy.com/b27ddf8beafef96af84da5963e727e57.css]
[api.map.baidu.com/library/SearchInfoWindow/1.5/src/SearchInfoWindow_min.js]
[fsocy.com/page21447b1.html]
[fsocy.com/page214af03.html]
[fsocy.com/page2149122.html]
[hk8db36e.pic30.websiteonline.cn/upload/iqhm.jpg]
[fsocy.com/page214f436.html]
[fsocy.com/page214f2df.html]
[fsocy.com/page214efa8.html]
[fsocy.com/page21498ac.html]
[fsocy.com/page214cec5.html]
[fsocy.com/page2143b29.html]
[fsocy.com/page2147304.html]
[fsocy.com/page2142463.html]
[fsocy.com/page214155a.html]
[fsocy.com/page214091b.html]
[fsocy.com/page2140edb.html]
[fsocy.com/page2142604.html]
[fsocy.com/page214d716.html]
[fsocy.com/page885dfc.html]
[static.websiteonline.cn/website/plugin/product_detail/styles/listStyle/css/css3860.css]
[static.websiteonline.cn/website/plugin/blocksit/css/blocksit.css]
[static.websiteonline.cn/website/plugin/blocksit/js/jquery.lightbox.js]
[fsocy.com/upload/index.html]
[fsocy.com/page2141a25.html]
[fsocy.com/page2144410.html]
[fsocy.com/page2141bc0.html]
[fsocy.com/page214fcef.html]
[fsocy.com/page2149132.html]
[fsocy.com/page21437e1.html]
[fsocy.com/page214e259.html]
[fsocy.com/page214ccc6.html]
[fsocy.com/page214a96a.html]
[fsocy.com/page2147e58.html]
[fsocy.com/page88d58d.html]
[fsocy.com/page214d85d.html]
[fsocy.com/page214663a.html]
[fsocy.com/page2142667.html]
[fsocy.com/page21458af.html]
[fsocy.com/page21458da.html]
[fsocy.com/page2140bb7.html]
[fsocy.com/page21459c0.html]
[fsocy.com/page214630f.html]
[fsocy.com/page214cb2a.html]
[fsocy.com/page214db52.html]
[fsocy.com/page21440ef.html]
[fsocy.com/page2146602.html]
[fsocy.com/page2145094.html]
[fsocy.com/page214f25c.html]
[fsocy.com/page2140075.html]
[fsocy.com/page214906b.html]
[fsocy.com/page214725d.html]
[fsocy.com/page2144695.html]
[fsocy.com/page214f791.html]
[fsocy.com/page21437f4.html]
[fsocy.com/page21412bf.html]
[fsocy.com/page214ba49.html]
[fsocy.com/page214e8d0.html]
[fsocy.com/page214fc52.html]
[fsocy.com/page2143721.html]
[fsocy.com/page2140583.html]
[fsocy.com/page2143582.html]
[fsocy.com/page8855c9.html]
[fsocy.com/page21402cf.html]
[fsocy.com/page21491df.html]
[fsocy.com/page214a8d2.html]
[fsocy.com/page8868ae.html]
[fsocy.com/wdatepicker.html]
[fsocy.com/lang/index.html]
[api.map.baidu.com/library/SearchInfoWindow/1.5/src/iw_close.gif]
[fsocy.com/page214ba90.html]
[api.map.baidu.com/library/SearchInfoWindow/1.5/src/phone.png]
[api.map.baidu.com/library/SearchInfoWindow/1.4/src/iw_bg.png]
[api.map.baidu.com/library/SearchInfoWindow/1.5/src/SearchInfoWindow_min.css]
[fsocy.com/page21447b1.html]
[fsocy.com/page214af03.html]
[fsocy.com/page2149122.html]
[fsocy.com/page214f436.html]
[fsocy.com/page214f2df.html]
[fsocy.com/page214efa8.html]
[fsocy.com/page21498ac.html]
[fsocy.com/page214cec5.html]
[fsocy.com/page2143b29.html]
[fsocy.com/page2147304.html]
[fsocy.com/page2142463.html]
[fsocy.com/page214155a.html]
[fsocy.com/page214091b.html]
[fsocy.com/page2140edb.html]
[fsocy.com/page2142604.html]
[fsocy.com/page214d716.html]
[fsocy.com/page2141bc0.html]
[fsocy.com/page214fcef.html]
[fsocy.com/page2149132.html]
[fsocy.com/page21437e1.html]
[fsocy.com/page214e259.html]
[fsocy.com/page214ccc6.html]
[fsocy.com/page214a96a.html]
[fsocy.com/page2147e58.html]
[fsocy.com/page214fc52.html]
[fsocy.com/page2143721.html]
[fsocy.com/page2146c8d.html]
[fsocy.com/page2140583.html]
[fsocy.com/page2143582.html]
[fsocy.com/page214f51c.html]
[fsocy.com/page214cfc0.html]
[fsocy.com/page2145c75.html]
[fsocy.com/page21486bc.html]
[hk8db36e.pic30.websiteonline.cn/upload/48po.jpg]
[fsocy.com/page8855c9.html]
[fsocy.com/page2144c88.html]
[fsocy.com/page21402cf.html]
[fsocy.com/page21491df.html]
[hk8db36e.pic30.websiteonline.cn/upload/77vx.jpg]
[hk8db36e.pic30.websiteonline.cn/upload/kp2h.jpg]
[fsocy.com/page214a8d2.html]
[fsocy.com/page214ba90.html]
[fsocy.com/page2146c8d.html]
[fsocy.com/page214f51c.html]
[fsocy.com/page214cfc0.html]
[fsocy.com/page2145c75.html]
[fsocy.com/page21486bc.html]
[fsocy.com/page2144c88.html]
[hk8db36e.pic30.websiteonline.cn/upload/9itn.jpg]
[hk8db36e.pic30.websiteonline.cn/upload/ci30.jpg]
