[fsocy.com/index9aab.html]
[backblue.gif]
[fade.gif]
[index.html]
[static.websiteonline.cn/website/template/default/css/default4fb8.css]
[static.websiteonline.cn/website/plugin/title/css/title13eb.css]
[static.websiteonline.cn/website/plugin/unslider/css/unsliderceec.css]
[static.websiteonline.cn/website/plugin/effectimage/css/effectimage107b.css]
[static.websiteonline.cn/website/script/indexb8f9.html]
[static.websiteonline.cn/website/plugin/index068e.html]
[fsocy.com/e14548121e9eda21aa015ebc76090039.css]
[static.websiteonline.cn/website/template/default/images/blank.gif]
[hk8db36e.pic30.websiteonline.cn/upload/logo2.png]
[static.websiteonline.cn/website/plugin/multilingual/styles/custom4/images/sitestar-lan-ver-chines1.jpg]
[static.websiteonline.cn/website/plugin/multilingual/styles/custom4/images/sitestar-lan-ver-english1.jpg]
[hk8db36e.pic30.websiteonline.cn/upload/templatefiles/teob.png]
[static.websiteonline.cn/website/plugin/new_navigation/styles/hs10/m_19_VyyP.jpg]
[fsocy.com/page859aab.html]
[fsocy.com/index.html]
[fsocy.com/page889aab.html]
[fsocy.com/page909aab.html]
[fsocy.com/page919aab.html]
[hk8db36e.pic30.websiteonline.cn/upload/templatefiles/tou_04_8enr.png]
[hk8db36e.pic30.websiteonline.cn/upload/gundong003_hbhk.jpg]
[hk8db36e.pic30.websiteonline.cn/upload/gundong002_pcef.jpg]
[hk8db36e.pic30.websiteonline.cn/upload/gundong001_7m9w.jpg]
[hk8db36e.pic30.websiteonline.cn/upload/gundong004_2wk3.jpg]
[hk8db36e.pic30.websiteonline.cn/upload/ss1d.jpg]
[static.websiteonline.cn/website/plugin/media/images/hotspot_ico_show_right.png]
[fsocy.com/page729aab.html]
[static.websiteonline.cn/website/plugin/media/images/hotspot_ico_show_left.png]
[fsocy.com/index9aab.html]
[static.websiteonline.cn/website/template/default/images/wp-link-input-bg.gif]
[static.websiteonline.cn/website/template/default/images/wp-diy-selected-button.gif]
[static.websiteonline.cn/website/template/default/images/wp-diy-selected-button2.gif]
[static.websiteonline.cn/website/template/default/images/copyright_logo.png]
[static.websiteonline.cn/website/template/default/images/copy_close.png]
[hk8db36e.pic30.websiteonline.cn/upload/ban1ying_zdfn.jpg]
[static.websiteonline.cn/website/template/default/images/sitestar_copyright_bg.png]
[static.websiteonline.cn/website/template/default/images/wp-new-member-login-windows-c.png]
[static.websiteonline.cn/website/template/default/images/wp-new-member-login-text-input.gif]
[static.websiteonline.cn/website/template/default/images/loading.gif]
[static.websiteonline.cn/website/template/default/css/default4fb8.css]
[static.websiteonline.cn/website/template/default/images/popclose.png]
[static.websiteonline.cn/website/plugin/media/css/media188c.css]
[static.websiteonline.cn/website/template/default/images/wp-new-member-background.png]
[static.websiteonline.cn/website/plugin/title/view/icons/flash.gif]
[static.websiteonline.cn/website/plugin/title/view/icons/rm.gif]
[static.websiteonline.cn/website/plugin/title/css/title13eb.css]
[static.websiteonline.cn/website/plugin/title/view/icons/media.gif]
[static.websiteonline.cn/website/plugin/unslider/view/images/navbg.png]
[static.websiteonline.cn/website/plugin/unslider/css/unsliderceec.css]
[hk8db36e.pic30.websiteonline.cn/upload/ban2ying_38yv.jpg]
[static.websiteonline.cn/website/plugin/effectimage/images/sprite-l.png]
[static.websiteonline.cn/website/plugin/effectimage/css/effectimage107b.css]
[static.websiteonline.cn/website/plugin/graphic/css/graphic188c.css]
[static.websiteonline.cn/website/plugin/effectimage/images/sprite-r.png]
[fsocy.com/GET.30.delayed]
[fsocy.com/template/default/images/blank.gif]
[tjs.sjs.sinajs.cn/open/api/js/wb.js]
[fsocy.com/template/default/images/loading.gif]
[fsocy.com/plugin/title/css/title.css]
[fsocy.com/template/default/images/searchico.png]
[fsocy.com/template/default/images/un-lock.png]
[static.websiteonline.cn/website/script/indexb8f9.html]
[fsocy.com/template/default/images/left_arrow.png]
[fsocy.com/template/default/images/right_arrow.png]
[static.websiteonline.cn/website/plugin/index068e.html]
[fsocy.com/e14548121e9eda21aa015ebc76090039.css]
[fsocy.com/index.html]
[static.websiteonline.cn/website/plugin/new_navigation/styles/hs10/m_18_PXUh.jpg]
[static.websiteonline.cn/website/plugin/breadcrumb/css/breadcrumb188c.css]
[static.websiteonline.cn/website/plugin/lantern/css/lantern6119.css]
[static.websiteonline.cn/website/plugin/index3207.html]
[fsocy.com/8d7f25aa8f55e3540fee3815a40f91b3.css]
[hk8db36e.pic30.websiteonline.cn/upload/templatefiles/q138.png]
[fsocy.com/page859aab.html]
[static.websiteonline.cn/website/plugin/lantern/js/lrscroll.js]
[fsocy.com/f79124d6168d6956ef551623d42444bc.css]
[fsocy.com/plugin/unslider/js/html5zoobea6.js]
[static.websiteonline.cn/website/plugin/index746e.html]
[fsocy.com/page2140e49.html]
[fsocy.com/page889ae6.html]
[hk8db36e.pic30.websiteonline.cn/upload/rlqs.png]
[fsocy.com/page2146488.html]
[fsocy.com/page214d0eb.html]
[fsocy.com/page2143a1a.html]
[fsocy.com/page2147dc1.html]
[fsocy.com/page21471c9.html]
[fsocy.com/page214d92b.html]
[fsocy.com/page2145342.html]
[fsocy.com/page2141c60.html]
[fsocy.com/page881249.html]
[static.websiteonline.cn/website/plugin/product_category/styles/vertical_vs3/navli.png]
[hk8db36e.pic30.websiteonline.cn/upload/hajv.jpg]
[fsocy.com/page88d7e7.html]
[fsocy.com/page88f287.html]
[fsocy.com/page88651c.html]
[fsocy.com/page889e12.html]
[fsocy.com/page880910.html]
[static.websiteonline.cn/website/plugin/product_category/view/windowpopup/darkorange/close.gif]
[fsocy.com/page88eee1.html]
[static.websiteonline.cn/website/plugin/product_category/view/windowpopup/darkorange/arrow.gif]
[static.websiteonline.cn/website/plugin/product_category/view/windowpopup/darkorange/title.gif]
[static.websiteonline.cn/website/plugin/product_category/view/windowpopup/darkorange/ico_01.gif]
[static.websiteonline.cn/website/plugin/product_category/view/windowpopup/darkorange/ico_02.gif]
[static.websiteonline.cn/website/plugin/product_category/view/windowpopup/darkorange/ico_03.gif]
[static.websiteonline.cn/website/plugin/product_category/view/windowpopup/darkorange/ico_04.gif]
[static.websiteonline.cn/website/plugin/product_category/view/windowpopup/darkorange/ico_05.gif]
[fsocy.com/page889aab.html]
[static.websiteonline.cn/website/plugin/product_category/view/windowpopup/darkorange/ico_06.gif]
[fsocy.com/9c2a7c9e5588802687c12d75274a256c.css]
[hk8db36e.pic30.websiteonline.cn/upload/templatefiles/ia3j.png]
[static.websiteonline.cn/website/script/datepicker/WdatePicker.js]
[static.websiteonline.cn/website/template/default/images/calendar.gif]
[fsocy.com/page909aab.html]
[static.websiteonline.cn/website/plugin/message/js/meselect.js]
[fsocy.com/fc8dae0c2c61ee3b18439ebbc00fae22.css]
[hk8db36e.pic30.websiteonline.cn/upload/templatefiles/orid.png]
[fsocy.com/map/baidu0893.html]
[hk8db36e.pic30.websiteonline.cn/upload/templatefiles/mini5_vqxh.png]
[hk8db36e.pic30.websiteonline.cn/upload/templatefiles/mini2_1jsg.png]
[hk8db36e.pic30.websiteonline.cn/upload/templatefiles/mini3_22wk.png]
[hk8db36e.pic30.websiteonline.cn/upload/templatefiles/mini1_b71q.png]
[fsocy.com/page919aab.html]
[fsocy.com/page729aab.html]
[static.websiteonline.cn/website/plugin/unslider/css/script/pie.html]
[static.websiteonline.cn/website/plugin/effectimage/css/images/loader32x32.html]
[fsocy.com/GET.html]
[hk8db36e.pic30.websiteonline.cn/upload/templatefiles/mini4_lkpy.png]
[tjs.sjs.sinajs.cn/open/api/js/wb.js]
[fsocy.com/plugin/title/view/icons/flash.gif]
[fsocy.com/plugin/title/view/icons/rm.gif]
[fsocy.com/plugin/title/css/title.css]
[fsocy.com/plugin/title/view/icons/media.gif]
[static.websiteonline.cn/website/plugin/breadcrumb/css/breadcrumb188c.css]
[static.websiteonline.cn/website/plugin/lantern/css/lantern6119.css]
[static.websiteonline.cn/website/plugin/index3207.html]
[fsocy.com/8d7f25aa8f55e3540fee3815a40f91b3.css]
[static.websiteonline.cn/website/plugin/lantern/js/lrscroll.js]
[static.websiteonline.cn/website/plugin/product_category/view/images/li-arrow.gif]
[static.websiteonline.cn/website/plugin/product_category/css/product_categoryaa0f.css]
[static.websiteonline.cn/website/plugin/index746e.html]
[fsocy.com/f79124d6168d6956ef551623d42444bc.css]
[static.websiteonline.cn/website/plugin/product_detail/css/product_detailc3cd.css]
[fsocy.com/c5eb94ecf414d5ef04eb8d2cd7d97ddb.css]
[fsocy.com/page88a241.html]
[static.websiteonline.cn/website/plugin/product_detail/styles/listStyle/css/css3860.css]
[static.websiteonline.cn/website/plugin/product_detail/styles/listStyle/images/an1L.gif]
[static.websiteonline.cn/website/plugin/product_detail/styles/listStyle/images/an1R.gif]
[static.websiteonline.cn/website/plugin/tb_product_detail/styles/listStyle/images/an1L.gif]
[static.websiteonline.cn/website/plugin/tb_product_detail/styles/listStyle/images/an1R.gif]
[static.websiteonline.cn/website/plugin/blocksit/css/blocksit.css]
[fsocy.com/page2140e49.html]
[static.websiteonline.cn/website/plugin/blocksit/js/jquery.lightbox.js]
[fsocy.com/page21462b0.html]
[fsocy.com/page214a14b.html]
[fsocy.com/page214dd74.html]
[fsocy.com/page2143959.html]
[fsocy.com/page214e2bf.html]
[fsocy.com/page214d7f1.html]
[fsocy.com/page214ab88.html]
[fsocy.com/page889ae6.html]
[fsocy.com/page21464f1.html]
[fsocy.com/page2146488.html]
[hk8db36e.pic30.websiteonline.cn/upload/9vg4.jpg]
[fsocy.com/page214d0eb.html]
[hk8db36e.pic30.websiteonline.cn/upload/t938.jpg]
[fsocy.com/page2143a1a.html]
[hk8db36e.pic30.websiteonline.cn/upload/1ubc.jpg]
[fsocy.com/page2147dc1.html]
[hk8db36e.pic30.websiteonline.cn/upload/mw7c.jpg]
[hk8db36e.pic30.websiteonline.cn/upload/r8ds.jpg]
[hk8db36e.pic30.websiteonline.cn/upload/k4ck.jpg]
[fsocy.com/page21471c9.html]
[hk8db36e.pic30.websiteonline.cn/upload/0sv5.jpg]
[hk8db36e.pic30.websiteonline.cn/upload/w2jb.jpg]
[fsocy.com/page214d92b.html]
[hk8db36e.pic30.websiteonline.cn/upload/c9fs.jpg]
[hk8db36e.pic30.websiteonline.cn/upload/uk1i.jpg]
[fsocy.com/page2145342.html]
[hk8db36e.pic30.websiteonline.cn/upload/i1dm.jpg]
[hk8db36e.pic30.websiteonline.cn/upload/zpmp.jpg]
[fsocy.com/page2144429.html]
[fsocy.com/page2141c60.html]
[hk8db36e.pic30.websiteonline.cn/upload/kon7.jpg]
[fsocy.com/page214a2ff.html]
[fsocy.com/page881249.html]
[fsocy.com/page2146599.html]
[fsocy.com/page21419fa.html]
[hk8db36e.pic30.websiteonline.cn/upload/n5cj.jpg]
[fsocy.com/page214e086.html]
[fsocy.com/page21443d8.html]
[fsocy.com/page2140655.html]
[fsocy.com/page2143d39.html]
[fsocy.com/page2140e1f.html]
[fsocy.com/page21413b9.html]
[fsocy.com/page2148a4a.html]
[fsocy.com/page2140626.html]
[fsocy.com/page2141752.html]
[hk8db36e.pic30.websiteonline.cn/upload/4wqy.jpg]
[fsocy.com/page21442e0.html]
[fsocy.com/page2142912.html]
[fsocy.com/page2148f4b.html]
[fsocy.com/page2148eaf.html]
[fsocy.com/page2140c97.html]
[fsocy.com/page88d7e7.html]
[fsocy.com/page214f4f3.html]
[fsocy.com/page214f515.html]
[fsocy.com/page2142dc2.html]
[fsocy.com/page214b915.html]
[fsocy.com/page88f287.html]
[fsocy.com/page214bea6.html]
[fsocy.com/page2140e8d.html]
[fsocy.com/page214e75f.html]
[fsocy.com/page88352f.html]
[fsocy.com/page2142998.html]
[fsocy.com/page88651c.html]
[fsocy.com/page214a0c9.html]
[fsocy.com/page214b71e.html]
[fsocy.com/page214d573.html]
[fsocy.com/page88dd4d.html]
[fsocy.com/page2142a4a.html]
[fsocy.com/page21469a0.html]
[fsocy.com/page21442db.html]
[fsocy.com/page214519d.html]
[fsocy.com/page214041f.html]
[fsocy.com/page2146d31.html]
[fsocy.com/page214d826.html]
[fsocy.com/page889e12.html]
[fsocy.com/page21477a0.html]
[fsocy.com/page214d1f7.html]
[fsocy.com/page214f88a.html]
[fsocy.com/page883d6c.html]
[fsocy.com/page214c9fe.html]
[fsocy.com/page2147ced.html]
[fsocy.com/page2140d37.html]
[fsocy.com/page880910.html]
[fsocy.com/page2147bde.html]
[fsocy.com/page21452f8.html]
[fsocy.com/page214e841.html]
[fsocy.com/page8815e0.html]
[fsocy.com/page2142b69.html]
[fsocy.com/page2141ed1.html]
[fsocy.com/page214c235.html]
[fsocy.com/page88eee1.html]
[fsocy.com/9c2a7c9e5588802687c12d75274a256c.css]
[fsocy.com/page2144d3e.html]
[static.websiteonline.cn/website/script/datepicker/WdatePicker.js]
[static.websiteonline.cn/website/plugin/message/js/meselect.js]
[fsocy.com/fc8dae0c2c61ee3b18439ebbc00fae22.css]
[api.map.baidu.com/library/SearchInfoWindow/1.5/src/SearchInfoWindow_min.css]
[fsocy.com/map/baidu0893.html]
[static.websiteonline.cn/website/script/api/js/wb.html]
[static.websiteonline.cn/website/plugin/breadcrumb/css/images/loader32x32.html]
[static.websiteonline.cn/website/plugin/breadcrumb/images/sprite.html]
[fsocy.com/lang/index.html]
[api.map.baidu.com/library/SearchInfoWindow/1.5/src/SearchInfoWindow_min.js]
[static.websiteonline.cn/website/plugin/product_detail/css/product_detailc3cd.css]
[fsocy.com/c5eb94ecf414d5ef04eb8d2cd7d97ddb.css]
[fsocy.com/page2144cd1.html]
[fsocy.com/page214d18f.html]
[fsocy.com/page214a343.html]
[fsocy.com/page214fd3b.html]
[fsocy.com/page21402e1.html]
[fsocy.com/page214072a.html]
[fsocy.com/page214622c.html]
[fsocy.com/page2140582.html]
[fsocy.com/page88a241.html]
[static.websiteonline.cn/website/plugin/product_detail/styles/listStyle/css/css3860.css]
[static.websiteonline.cn/website/plugin/blocksit/css/blocksit.css]
[static.websiteonline.cn/website/plugin/blocksit/js/jquery.lightbox.js]
[fsocy.com/upload/index.html]
[fsocy.com/page21462b0.html]
[fsocy.com/page214a14b.html]
[fsocy.com/page214dd74.html]
[fsocy.com/page2143959.html]
[fsocy.com/page214e2bf.html]
[fsocy.com/page214d7f1.html]
[fsocy.com/page214ab88.html]
[fsocy.com/page21464f1.html]
[fsocy.com/page2147cd0.html]
[fsocy.com/page2144429.html]
[fsocy.com/page214a2ff.html]
[fsocy.com/page2146599.html]
[fsocy.com/page21419fa.html]
[fsocy.com/page214e086.html]
[fsocy.com/page21443d8.html]
[fsocy.com/page2140655.html]
[fsocy.com/page2143d39.html]
[fsocy.com/page2140e1f.html]
[fsocy.com/page21413b9.html]
[fsocy.com/page2148a4a.html]
[fsocy.com/page2140626.html]
[fsocy.com/page2141752.html]
[fsocy.com/page21442e0.html]
[fsocy.com/page2142912.html]
[fsocy.com/page2148f4b.html]
[fsocy.com/page2148eaf.html]
[fsocy.com/page2140c97.html]
[fsocy.com/page214f4f3.html]
[fsocy.com/page214f515.html]
[fsocy.com/page2142dc2.html]
[fsocy.com/page214b915.html]
[fsocy.com/page214bea6.html]
[fsocy.com/page214ae6c.html]
[fsocy.com/page2140e8d.html]
[hk8db36e.pic30.websiteonline.cn/upload/l8w3.jpg]
[fsocy.com/page214e75f.html]
[fsocy.com/page214e826.html]
[fsocy.com/page214794b.html]
[hk8db36e.pic30.websiteonline.cn/upload/ycug.jpg]
[hk8db36e.pic30.websiteonline.cn/upload/bobh.jpg]
[hk8db36e.pic30.websiteonline.cn/upload/ddto.jpg]
[fsocy.com/page88352f.html]
[fsocy.com/page2149293.html]
[fsocy.com/page2142998.html]
[fsocy.com/page214a0c9.html]
[fsocy.com/page2145cb3.html]
[fsocy.com/page214b71e.html]
[hk8db36e.pic30.websiteonline.cn/upload/qk8a.jpg]
[hk8db36e.pic30.websiteonline.cn/upload/l2kc.jpg]
[fsocy.com/page214d573.html]
[fsocy.com/page214bdbc.html]
[hk8db36e.pic30.websiteonline.cn/upload/gvnl.jpg]
[fsocy.com/page2144734.html]
[fsocy.com/page214a642.html]
[fsocy.com/page21449d3.html]
[fsocy.com/page2146441.html]
[fsocy.com/page2148025.html]
[fsocy.com/page214a3d2.html]
[fsocy.com/page88dd4d.html]
[fsocy.com/page214091e.html]
[fsocy.com/page2144630.html]
[fsocy.com/page2142a4a.html]
[fsocy.com/page21469a0.html]
[hk8db36e.pic30.websiteonline.cn/upload/6uz8.jpg]
[hk8db36e.pic30.websiteonline.cn/upload/z3y8.jpg]
[fsocy.com/page21442db.html]
[fsocy.com/page214519d.html]
[hk8db36e.pic30.websiteonline.cn/upload/1hju.jpg]
[hk8db36e.pic30.websiteonline.cn/upload/o55y.jpg]
[hk8db36e.pic30.websiteonline.cn/upload/n96m.jpg]
[fsocy.com/page214041f.html]
[fsocy.com/page2146d31.html]
[fsocy.com/page214d826.html]
[hk8db36e.pic30.websiteonline.cn/upload/66ha.jpg]
[fsocy.com/page21477a0.html]
[hk8db36e.pic30.websiteonline.cn/upload/b1c7.jpg]
[fsocy.com/page214a0ac.html]
[hk8db36e.pic30.websiteonline.cn/upload/i8e2.jpg]
[fsocy.com/page214d1f7.html]
[fsocy.com/page214f88a.html]
[fsocy.com/page2149843.html]
[fsocy.com/page214ab2d.html]
[hk8db36e.pic30.websiteonline.cn/upload/rrh1.jpg]
[hk8db36e.pic30.websiteonline.cn/upload/zv29.jpg]
[fsocy.com/page214b8f0.html]
[fsocy.com/page21407cd.html]
[fsocy.com/page883d6c.html]
[fsocy.com/page214a006.html]
[hk8db36e.pic30.websiteonline.cn/upload/r4gt.jpg]
[fsocy.com/page214c9fe.html]
[fsocy.com/page2147ced.html]
[fsocy.com/page2140d37.html]
[hk8db36e.pic30.websiteonline.cn/upload/olsv.jpg]
[fsocy.com/page2147bde.html]
[hk8db36e.pic30.websiteonline.cn/upload/bdyt.jpg]
[fsocy.com/page214a6e8.html]
[fsocy.com/page21452f8.html]
[hk8db36e.pic30.websiteonline.cn/upload/4685.jpg]
[fsocy.com/page214e841.html]
[hk8db36e.pic30.websiteonline.cn/upload/48po.jpg]
[fsocy.com/page214c249.html]
[fsocy.com/page21402d3.html]
[fsocy.com/page214d445.html]
[fsocy.com/page214d044.html]
[fsocy.com/page8815e0.html]
[fsocy.com/page214f582.html]
[fsocy.com/page2142b69.html]
[fsocy.com/page2141ed1.html]
[hk8db36e.pic30.websiteonline.cn/upload/iqhm.jpg]
[fsocy.com/page214c235.html]
[hk8db36e.pic30.websiteonline.cn/upload/77vx.jpg]
[fsocy.com/page2144d3e.html]
[fsocy.com/wdatepicker.html]
[fsocy.com/lang/index.html]
[api.map.baidu.com/library/SearchInfoWindow/1.5/src/iw_close.gif]
[api.map.baidu.com/library/SearchInfoWindow/1.5/src/phone.png]
[hk8db36e.pic30.websiteonline.cn/upload/kp2h.jpg]
[api.map.baidu.com/library/SearchInfoWindow/1.4/src/iw_bg.png]
[api.map.baidu.com/library/SearchInfoWindow/1.5/src/SearchInfoWindow_min.css]
[fsocy.com/page2144cd1.html]
[fsocy.com/page214d18f.html]
[fsocy.com/page214a343.html]
[fsocy.com/page214fd3b.html]
[fsocy.com/page21402e1.html]
[fsocy.com/page214072a.html]
[fsocy.com/page214622c.html]
[fsocy.com/page2140582.html]
[fsocy.com/page2147cd0.html]
[fsocy.com/page214ae6c.html]
[fsocy.com/page214e826.html]
[fsocy.com/page214794b.html]
[fsocy.com/page2149293.html]
[fsocy.com/page2145cb3.html]
[fsocy.com/page214bdbc.html]
[fsocy.com/page2144734.html]
[fsocy.com/page214a642.html]
[fsocy.com/page21449d3.html]
[fsocy.com/page2146441.html]
[fsocy.com/page2148025.html]
[fsocy.com/page214a3d2.html]
[fsocy.com/page214091e.html]
[fsocy.com/page2144630.html]
[fsocy.com/page214a0ac.html]
[fsocy.com/page2149843.html]
[fsocy.com/page214ab2d.html]
[fsocy.com/page214b8f0.html]
[fsocy.com/page21407cd.html]
[fsocy.com/page214a006.html]
[fsocy.com/page214a6e8.html]
[fsocy.com/page214c249.html]
[fsocy.com/page21402d3.html]
[fsocy.com/page214d445.html]
[fsocy.com/page214d044.html]
[fsocy.com/page214f582.html]
[hk8db36e.pic30.websiteonline.cn/upload/9itn.jpg]
[hk8db36e.pic30.websiteonline.cn/upload/ci30.jpg]
